Archive member included to satisfy reference by file (symbol)

c:/progra~2/gnuarm~1/102021~1.10/bin/../lib/gcc/arm-none-eabi/10.3.1/../../../../arm-none-eabi/lib/thumb/v7-m/nofp\libg.a(lib_a-errno.o)
                              CMakeFiles/IGBT.elf.dir/Core/Src/syscalls.c.obj (__errno)
c:/progra~2/gnuarm~1/102021~1.10/bin/../lib/gcc/arm-none-eabi/10.3.1/../../../../arm-none-eabi/lib/thumb/v7-m/nofp\libg.a(lib_a-exit.o)
                              c:/progra~2/gnuarm~1/102021~1.10/bin/../lib/gcc/arm-none-eabi/10.3.1/../../../../arm-none-eabi/lib/thumb/v7-m/nofp/crt0.o (exit)
c:/progra~2/gnuarm~1/102021~1.10/bin/../lib/gcc/arm-none-eabi/10.3.1/../../../../arm-none-eabi/lib/thumb/v7-m/nofp\libg.a(lib_a-impure.o)
                              c:/progra~2/gnuarm~1/102021~1.10/bin/../lib/gcc/arm-none-eabi/10.3.1/../../../../arm-none-eabi/lib/thumb/v7-m/nofp\libg.a(lib_a-exit.o) (_global_impure_ptr)
c:/progra~2/gnuarm~1/102021~1.10/bin/../lib/gcc/arm-none-eabi/10.3.1/../../../../arm-none-eabi/lib/thumb/v7-m/nofp\libg.a(lib_a-init.o)
                              c:/progra~2/gnuarm~1/102021~1.10/bin/../lib/gcc/arm-none-eabi/10.3.1/../../../../arm-none-eabi/lib/thumb/v7-m/nofp/crt0.o (__libc_init_array)
c:/progra~2/gnuarm~1/102021~1.10/bin/../lib/gcc/arm-none-eabi/10.3.1/../../../../arm-none-eabi/lib/thumb/v7-m/nofp\libg.a(lib_a-memset.o)
                              c:/progra~2/gnuarm~1/102021~1.10/bin/../lib/gcc/arm-none-eabi/10.3.1/../../../../arm-none-eabi/lib/thumb/v7-m/nofp/crt0.o (memset)
c:/progra~2/gnuarm~1/102021~1.10/bin/../lib/gcc/arm-none-eabi/10.3.1/../../../../arm-none-eabi/lib/thumb/v7-m/nofp\libg.a(lib_a-__call_atexit.o)
                              c:/progra~2/gnuarm~1/102021~1.10/bin/../lib/gcc/arm-none-eabi/10.3.1/../../../../arm-none-eabi/lib/thumb/v7-m/nofp\libg.a(lib_a-exit.o) (__call_exitprocs)
c:/progra~2/gnuarm~1/102021~1.10/bin/../lib/gcc/arm-none-eabi/10.3.1/../../../../arm-none-eabi/lib/thumb/v7-m/nofp\libg.a(lib_a-atexit.o)
                              c:/progra~2/gnuarm~1/102021~1.10/bin/../lib/gcc/arm-none-eabi/10.3.1/../../../../arm-none-eabi/lib/thumb/v7-m/nofp\libg.a(lib_a-__call_atexit.o) (atexit)
c:/progra~2/gnuarm~1/102021~1.10/bin/../lib/gcc/arm-none-eabi/10.3.1/../../../../arm-none-eabi/lib/thumb/v7-m/nofp\libg.a(lib_a-fini.o)
                              c:/progra~2/gnuarm~1/102021~1.10/bin/../lib/gcc/arm-none-eabi/10.3.1/../../../../arm-none-eabi/lib/thumb/v7-m/nofp\libg.a(lib_a-__call_atexit.o) (__libc_fini_array)
c:/progra~2/gnuarm~1/102021~1.10/bin/../lib/gcc/arm-none-eabi/10.3.1/../../../../arm-none-eabi/lib/thumb/v7-m/nofp\libg.a(lib_a-lock.o)
                              c:/progra~2/gnuarm~1/102021~1.10/bin/../lib/gcc/arm-none-eabi/10.3.1/../../../../arm-none-eabi/lib/thumb/v7-m/nofp\libg.a(lib_a-__call_atexit.o) (__retarget_lock_acquire_recursive)
c:/progra~2/gnuarm~1/102021~1.10/bin/../lib/gcc/arm-none-eabi/10.3.1/../../../../arm-none-eabi/lib/thumb/v7-m/nofp\libg.a(lib_a-__atexit.o)
                              c:/progra~2/gnuarm~1/102021~1.10/bin/../lib/gcc/arm-none-eabi/10.3.1/../../../../arm-none-eabi/lib/thumb/v7-m/nofp\libg.a(lib_a-atexit.o) (__register_exitproc)

Discarded input sections

 .text          0x00000000        0x0 c:/progra~2/gnuarm~1/102021~1.10/bin/../lib/gcc/arm-none-eabi/10.3.1/thumb/v7-m/nofp/crti.o
 .data          0x00000000        0x0 c:/progra~2/gnuarm~1/102021~1.10/bin/../lib/gcc/arm-none-eabi/10.3.1/thumb/v7-m/nofp/crti.o
 .bss           0x00000000        0x0 c:/progra~2/gnuarm~1/102021~1.10/bin/../lib/gcc/arm-none-eabi/10.3.1/thumb/v7-m/nofp/crti.o
 .data          0x00000000        0x4 c:/progra~2/gnuarm~1/102021~1.10/bin/../lib/gcc/arm-none-eabi/10.3.1/thumb/v7-m/nofp/crtbegin.o
 .rodata        0x00000000       0x24 c:/progra~2/gnuarm~1/102021~1.10/bin/../lib/gcc/arm-none-eabi/10.3.1/thumb/v7-m/nofp/crtbegin.o
 .text          0x00000000       0x7c c:/progra~2/gnuarm~1/102021~1.10/bin/../lib/gcc/arm-none-eabi/10.3.1/../../../../arm-none-eabi/lib/thumb/v7-m/nofp/crt0.o
 .data          0x00000000        0x0 c:/progra~2/gnuarm~1/102021~1.10/bin/../lib/gcc/arm-none-eabi/10.3.1/../../../../arm-none-eabi/lib/thumb/v7-m/nofp/crt0.o
 .bss           0x00000000        0x0 c:/progra~2/gnuarm~1/102021~1.10/bin/../lib/gcc/arm-none-eabi/10.3.1/../../../../arm-none-eabi/lib/thumb/v7-m/nofp/crt0.o
 .ARM.extab     0x00000000        0x0 c:/progra~2/gnuarm~1/102021~1.10/bin/../lib/gcc/arm-none-eabi/10.3.1/../../../../arm-none-eabi/lib/thumb/v7-m/nofp/crt0.o
 .ARM.exidx     0x00000000       0x10 c:/progra~2/gnuarm~1/102021~1.10/bin/../lib/gcc/arm-none-eabi/10.3.1/../../../../arm-none-eabi/lib/thumb/v7-m/nofp/crt0.o
 .ARM.attributes
                0x00000000       0x1b c:/progra~2/gnuarm~1/102021~1.10/bin/../lib/gcc/arm-none-eabi/10.3.1/../../../../arm-none-eabi/lib/thumb/v7-m/nofp/crt0.o
 .text          0x00000000        0x0 CMakeFiles/IGBT.elf.dir/Core/Src/gpio.c.obj
[...]
Memory Configuration

Name             Origin             Length             Attributes
RAM              0x20000000         0x00010000         xrw
FLASH            0x08000000         0x00080000         xr
*default*        0x00000000         0xffffffff

Linker script and memory map

LOAD c:/progra~2/gnuarm~1/102021~1.10/bin/../lib/gcc/arm-none-eabi/10.3.1/thumb/v7-m/nofp/crti.o
LOAD c:/progra~2/gnuarm~1/102021~1.10/bin/../lib/gcc/arm-none-eabi/10.3.1/thumb/v7-m/nofp/crtbegin.o
LOAD c:/progra~2/gnuarm~1/102021~1.10/bin/../lib/gcc/arm-none-eabi/10.3.1/../../../../arm-none-eabi/lib/thumb/v7-m/nofp/crt0.o
LOAD CMakeFiles/IGBT.elf.dir/Core/Src/gpio.c.obj
LOAD CMakeFiles/IGBT.elf.dir/Core/Src/main.c.obj
LOAD CMakeFiles/IGBT.elf.dir/Core/Src/stm32f1xx_hal_msp.c.obj
LOAD CMakeFiles/IGBT.elf.dir/Core/Src/stm32f1xx_it.c.obj
LOAD CMakeFiles/IGBT.elf.dir/Core/Src/syscalls.c.obj
LOAD CMakeFiles/IGBT.elf.dir/Core/Src/system_stm32f1xx.c.obj
LOAD CMakeFiles/IGBT.elf.dir/Core/Src/tim.c.obj
LOAD CMakeFiles/IGBT.elf.dir/Drivers/STM32F1xx_HAL_Driver/Src/stm32f1xx_hal.c.obj
LOAD CMakeFiles/IGBT.elf.dir/Drivers/STM32F1xx_HAL_Driver/Src/stm32f1xx_hal_cortex.c.obj
LOAD CMakeFiles/IGBT.elf.dir/Drivers/STM32F1xx_HAL_Driver/Src/stm32f1xx_hal_dma.c.obj
LOAD CMakeFiles/IGBT.elf.dir/Drivers/STM32F1xx_HAL_Driver/Src/stm32f1xx_hal_exti.c.obj
LOAD CMakeFiles/IGBT.elf.dir/Drivers/STM32F1xx_HAL_Driver/Src/stm32f1xx_hal_flash.c.obj
LOAD CMakeFiles/IGBT.elf.dir/Drivers/STM32F1xx_HAL_Driver/Src/stm32f1xx_hal_flash_ex.c.obj
LOAD CMakeFiles/IGBT.elf.dir/Drivers/STM32F1xx_HAL_Driver/Src/stm32f1xx_hal_gpio.c.obj
LOAD CMakeFiles/IGBT.elf.dir/Drivers/STM32F1xx_HAL_Driver/Src/stm32f1xx_hal_gpio_ex.c.obj
LOAD CMakeFiles/IGBT.elf.dir/Drivers/STM32F1xx_HAL_Driver/Src/stm32f1xx_hal_pwr.c.obj
LOAD CMakeFiles/IGBT.elf.dir/Drivers/STM32F1xx_HAL_Driver/Src/stm32f1xx_hal_rcc.c.obj
LOAD CMakeFiles/IGBT.elf.dir/Drivers/STM32F1xx_HAL_Driver/Src/stm32f1xx_hal_rcc_ex.c.obj
LOAD CMakeFiles/IGBT.elf.dir/Drivers/STM32F1xx_HAL_Driver/Src/stm32f1xx_hal_tim.c.obj
LOAD CMakeFiles/IGBT.elf.dir/Drivers/STM32F1xx_HAL_Driver/Src/stm32f1xx_hal_tim_ex.c.obj
LOAD CMakeFiles/IGBT.elf.dir/startup/startup_stm32f103xe.s.obj
START GROUP
LOAD c:/progra~2/gnuarm~1/102021~1.10/bin/../lib/gcc/arm-none-eabi/10.3.1/thumb/v7-m/nofp\libgcc.a
LOAD c:/progra~2/gnuarm~1/102021~1.10/bin/../lib/gcc/arm-none-eabi/10.3.1/../../../../arm-none-eabi/lib/thumb/v7-m/nofp\libg.a
LOAD c:/progra~2/gnuarm~1/102021~1.10/bin/../lib/gcc/arm-none-eabi/10.3.1/../../../../arm-none-eabi/lib/thumb/v7-m/nofp\libc.a
END GROUP
LOAD c:/progra~2/gnuarm~1/102021~1.10/bin/../lib/gcc/arm-none-eabi/10.3.1/thumb/v7-m/nofp/crtend.o
LOAD c:/progra~2/gnuarm~1/102021~1.10/bin/../lib/gcc/arm-none-eabi/10.3.1/thumb/v7-m/nofp/crtn.o
                0x20010000                _estack = 0x20010000
                0x00000200                _Min_Heap_Size = 0x200
                0x00000400                _Min_Stack_Size = 0x400

.isr_vector     0x08000000      0x1e4
                0x08000000                . = ALIGN (0x4)
 *(.isr_vector)
 .isr_vector    0x08000000      0x1e4 CMakeFiles/IGBT.elf.dir/startup/startup_stm32f103xe.s.obj
                0x08000000                g_pfnVectors
                0x080001e4                . = ALIGN (0x4)

.text           0x080001e4     0x1c40
                0x080001e4                . = ALIGN (0x4)
 *(.text)
 .text          0x080001e4       0x40 c:/progra~2/gnuarm~1/102021~1.10/bin/../lib/gcc/arm-none-eabi/10.3.1/thumb/v7-m/nofp/crtbegin.o
 *(.text*)
 .text.MX_GPIO_Init
                0x08000224       0x54 CMakeFiles/IGBT.elf.dir/Core/Src/gpio.c.obj
                0x08000224                MX_GPIO_Init
 .text.HAL_TIM_PeriodElapsedCallback
                0x08000278      0x108 CMakeFiles/IGBT.elf.dir/Core/Src/main.c.obj
                0x08000278                HAL_TIM_PeriodElapsedCallback
 .text.Error_Handler
                0x08000380        0x4 CMakeFiles/IGBT.elf.dir/Core/Src/main.c.obj
                0x08000380                Error_Handler
 .text.SystemClock_Config
                0x08000384       0x64 CMakeFiles/IGBT.elf.dir/Core/Src/main.c.obj
                0x08000384                SystemClock_Config
 .text.main     0x080003e8       0x8c CMakeFiles/IGBT.elf.dir/Core/Src/main.c.obj
                0x080003e8                main
 .text.HAL_MspInit
                0x08000474       0x44 CMakeFiles/IGBT.elf.dir/Core/Src/stm32f1xx_hal_msp.c.obj
                0x08000474                HAL_MspInit
 .text.NMI_Handler
                0x080004b8        0x2 CMakeFiles/IGBT.elf.dir/Core/Src/stm32f1xx_it.c.obj
                0x080004b8                NMI_Handler
 .text.HardFault_Handler
                0x080004ba        0x2 CMakeFiles/IGBT.elf.dir/Core/Src/stm32f1xx_it.c.obj
                0x080004ba                HardFault_Handler
 .text.MemManage_Handler
                0x080004bc        0x2 CMakeFiles/IGBT.elf.dir/Core/Src/stm32f1xx_it.c.obj
                0x080004bc                MemManage_Handler
 .text.BusFault_Handler
                0x080004be        0x2 CMakeFiles/IGBT.elf.dir/Core/Src/stm32f1xx_it.c.obj
                0x080004be                BusFault_Handler
 .text.UsageFault_Handler
                0x080004c0        0x2 CMakeFiles/IGBT.elf.dir/Core/Src/stm32f1xx_it.c.obj
                0x080004c0                UsageFault_Handler
 .text.SVC_Handler
                0x080004c2        0x2 CMakeFiles/IGBT.elf.dir/Core/Src/stm32f1xx_it.c.obj
                0x080004c2                SVC_Handler
 .text.DebugMon_Handler
                0x080004c4        0x2 CMakeFiles/IGBT.elf.dir/Core/Src/stm32f1xx_it.c.obj
                0x080004c4                DebugMon_Handler
 .text.PendSV_Handler
                0x080004c6        0x2 CMakeFiles/IGBT.elf.dir/Core/Src/stm32f1xx_it.c.obj
                0x080004c6                PendSV_Handler
 .text.SysTick_Handler
                0x080004c8        0x8 CMakeFiles/IGBT.elf.dir/Core/Src/stm32f1xx_it.c.obj
                0x080004c8                SysTick_Handler
 .text.TIM8_UP_IRQHandler
                0x080004d0       0x10 CMakeFiles/IGBT.elf.dir/Core/Src/stm32f1xx_it.c.obj
                0x080004d0                TIM8_UP_IRQHandler
 .text.SystemInit
                0x080004e0        0x2 CMakeFiles/IGBT.elf.dir/Core/Src/system_stm32f1xx.c.obj
                0x080004e0                SystemInit
 *fill*         0x080004e2        0x2 
 .text.HAL_TIM_Base_MspInit
                0x080004e4       0x60 CMakeFiles/IGBT.elf.dir/Core/Src/tim.c.obj
                0x080004e4                HAL_TIM_Base_MspInit
 .text.HAL_TIM_MspPostInit
                0x08000544       0xe8 CMakeFiles/IGBT.elf.dir/Core/Src/tim.c.obj
                0x08000544                HAL_TIM_MspPostInit
 .text.MX_TIM1_Init
                0x0800062c      0x110 CMakeFiles/IGBT.elf.dir/Core/Src/tim.c.obj
                0x0800062c                MX_TIM1_Init
 .text.MX_TIM8_Init
                0x0800073c      0x10c CMakeFiles/IGBT.elf.dir/Core/Src/tim.c.obj
                0x0800073c                MX_TIM8_Init
 .text.HAL_InitTick
                0x08000848       0x4c CMakeFiles/IGBT.elf.dir/Drivers/STM32F1xx_HAL_Driver/Src/stm32f1xx_hal.c.obj
                0x08000848                HAL_InitTick
 .text.HAL_Init
                0x08000894       0x24 CMakeFiles/IGBT.elf.dir/Drivers/STM32F1xx_HAL_Driver/Src/stm32f1xx_hal.c.obj
                0x08000894                HAL_Init
 .text.HAL_IncTick
                0x080008b8       0x18 CMakeFiles/IGBT.elf.dir/Drivers/STM32F1xx_HAL_Driver/Src/stm32f1xx_hal.c.obj
                0x080008b8                HAL_IncTick
 .text.HAL_GetTick
                0x080008d0        0xc CMakeFiles/IGBT.elf.dir/Drivers/STM32F1xx_HAL_Driver/Src/stm32f1xx_hal.c.obj
                0x080008d0                HAL_GetTick
 .text.HAL_NVIC_SetPriorityGrouping
                0x080008dc       0x24 CMakeFiles/IGBT.elf.dir/Drivers/STM32F1xx_HAL_Driver/Src/stm32f1xx_hal_cortex.c.obj
                0x080008dc                HAL_NVIC_SetPriorityGrouping
 .text.HAL_NVIC_SetPriority
                0x08000900       0x70 CMakeFiles/IGBT.elf.dir/Drivers/STM32F1xx_HAL_Driver/Src/stm32f1xx_hal_cortex.c.obj
                0x08000900                HAL_NVIC_SetPriority
 .text.HAL_NVIC_EnableIRQ
                0x08000970       0x1c CMakeFiles/IGBT.elf.dir/Drivers/STM32F1xx_HAL_Driver/Src/stm32f1xx_hal_cortex.c.obj
                0x08000970                HAL_NVIC_EnableIRQ
 .text.HAL_SYSTICK_Config
                0x0800098c       0x28 CMakeFiles/IGBT.elf.dir/Drivers/STM32F1xx_HAL_Driver/Src/stm32f1xx_hal_cortex.c.obj
                0x0800098c                HAL_SYSTICK_Config
 .text.HAL_GPIO_Init
                0x080009b4      0x240 CMakeFiles/IGBT.elf.dir/Drivers/STM32F1xx_HAL_Driver/Src/stm32f1xx_hal_gpio.c.obj
                0x080009b4                HAL_GPIO_Init
 .text.RCC_Delay
                0x08000bf4       0x2c CMakeFiles/IGBT.elf.dir/Drivers/STM32F1xx_HAL_Driver/Src/stm32f1xx_hal_rcc.c.obj
 .text.HAL_RCC_OscConfig
                0x08000c20      0x410 CMakeFiles/IGBT.elf.dir/Drivers/STM32F1xx_HAL_Driver/Src/stm32f1xx_hal_rcc.c.obj
                0x08000c20                HAL_RCC_OscConfig
 .text.HAL_RCC_GetSysClockFreq
                0x08001030       0x70 CMakeFiles/IGBT.elf.dir/Drivers/STM32F1xx_HAL_Driver/Src/stm32f1xx_hal_rcc.c.obj
                0x08001030                HAL_RCC_GetSysClockFreq
 .text.HAL_RCC_ClockConfig
                0x080010a0      0x16c CMakeFiles/IGBT.elf.dir/Drivers/STM32F1xx_HAL_Driver/Src/stm32f1xx_hal_rcc.c.obj
                0x080010a0                HAL_RCC_ClockConfig
 .text.TIM_OC1_SetConfig
                0x0800120c       0x68 CMakeFiles/IGBT.elf.dir/Drivers/STM32F1xx_HAL_Driver/Src/stm32f1xx_hal_tim.c.obj
 .text.TIM_OC3_SetConfig
                0x08001274       0x70 CMakeFiles/IGBT.elf.dir/Drivers/STM32F1xx_HAL_Driver/Src/stm32f1xx_hal_tim.c.obj
 .text.TIM_OC4_SetConfig
                0x080012e4       0x50 CMakeFiles/IGBT.elf.dir/Drivers/STM32F1xx_HAL_Driver/Src/stm32f1xx_hal_tim.c.obj
 .text.TIM_TI1_ConfigInputStage
                0x08001334       0x24 CMakeFiles/IGBT.elf.dir/Drivers/STM32F1xx_HAL_Driver/Src/stm32f1xx_hal_tim.c.obj
 .text.TIM_TI2_ConfigInputStage
                0x08001358       0x26 CMakeFiles/IGBT.elf.dir/Drivers/STM32F1xx_HAL_Driver/Src/stm32f1xx_hal_tim.c.obj
 .text.TIM_ITRx_SetConfig
                0x0800137e       0x10 CMakeFiles/IGBT.elf.dir/Drivers/STM32F1xx_HAL_Driver/Src/stm32f1xx_hal_tim.c.obj
 *fill*         0x0800138e        0x2 
 .text.HAL_TIM_Base_Start_IT
                0x08001390       0x78 CMakeFiles/IGBT.elf.dir/Drivers/STM32F1xx_HAL_Driver/Src/stm32f1xx_hal_tim.c.obj
                0x08001390                HAL_TIM_Base_Start_IT
 .text.HAL_TIM_PWM_MspInit
                0x08001408        0x2 CMakeFiles/IGBT.elf.dir/Drivers/STM32F1xx_HAL_Driver/Src/stm32f1xx_hal_tim.c.obj
                0x08001408                HAL_TIM_PWM_MspInit
 .text.HAL_TIM_OC_DelayElapsedCallback
                0x0800140a        0x2 CMakeFiles/IGBT.elf.dir/Drivers/STM32F1xx_HAL_Driver/Src/stm32f1xx_hal_tim.c.obj
                0x0800140a                HAL_TIM_OC_DelayElapsedCallback
 .text.HAL_TIM_IC_CaptureCallback
                0x0800140c        0x2 CMakeFiles/IGBT.elf.dir/Drivers/STM32F1xx_HAL_Driver/Src/stm32f1xx_hal_tim.c.obj
                0x0800140c                HAL_TIM_IC_CaptureCallback
 .text.HAL_TIM_PWM_PulseFinishedCallback
                0x0800140e        0x2 CMakeFiles/IGBT.elf.dir/Drivers/STM32F1xx_HAL_Driver/Src/stm32f1xx_hal_tim.c.obj
                0x0800140e                HAL_TIM_PWM_PulseFinishedCallback
 .text.HAL_TIM_TriggerCallback
                0x08001410        0x2 CMakeFiles/IGBT.elf.dir/Drivers/STM32F1xx_HAL_Driver/Src/stm32f1xx_hal_tim.c.obj
                0x08001410                HAL_TIM_TriggerCallback
 .text.HAL_TIM_IRQHandler
                0x08001412      0x17a CMakeFiles/IGBT.elf.dir/Drivers/STM32F1xx_HAL_Driver/Src/stm32f1xx_hal_tim.c.obj
                0x08001412                HAL_TIM_IRQHandler
 .text.TIM_Base_SetConfig
                0x0800158c       0x98 CMakeFiles/IGBT.elf.dir/Drivers/STM32F1xx_HAL_Driver/Src/stm32f1xx_hal_tim.c.obj
                0x0800158c                TIM_Base_SetConfig
 .text.HAL_TIM_Base_Init
                0x08001624       0x58 CMakeFiles/IGBT.elf.dir/Drivers/STM32F1xx_HAL_Driver/Src/stm32f1xx_hal_tim.c.obj
                0x08001624                HAL_TIM_Base_Init
 .text.HAL_TIM_PWM_Init
                0x0800167c       0x58 CMakeFiles/IGBT.elf.dir/Drivers/STM32F1xx_HAL_Driver/Src/stm32f1xx_hal_tim.c.obj
                0x0800167c                HAL_TIM_PWM_Init
 .text.TIM_OC2_SetConfig
                0x080016d4       0x70 CMakeFiles/IGBT.elf.dir/Drivers/STM32F1xx_HAL_Driver/Src/stm32f1xx_hal_tim.c.obj
                0x080016d4                TIM_OC2_SetConfig
 .text.HAL_TIM_PWM_ConfigChannel
                0x08001744       0xd0 CMakeFiles/IGBT.elf.dir/Drivers/STM32F1xx_HAL_Driver/Src/stm32f1xx_hal_tim.c.obj
                0x08001744                HAL_TIM_PWM_ConfigChannel
 .text.TIM_ETR_SetConfig
                0x08001814       0x18 CMakeFiles/IGBT.elf.dir/Drivers/STM32F1xx_HAL_Driver/Src/stm32f1xx_hal_tim.c.obj
                0x08001814                TIM_ETR_SetConfig
 .text.HAL_TIM_ConfigClockSource
                0x0800182c       0xda CMakeFiles/IGBT.elf.dir/Drivers/STM32F1xx_HAL_Driver/Src/stm32f1xx_hal_tim.c.obj
                0x0800182c                HAL_TIM_ConfigClockSource
 .text.TIM_CCxChannelCmd
                0x08001906       0x1e CMakeFiles/IGBT.elf.dir/Drivers/STM32F1xx_HAL_Driver/Src/stm32f1xx_hal_tim.c.obj
                0x08001906                TIM_CCxChannelCmd
 .text.HAL_TIM_PWM_Start
                0x08001924       0xf4 CMakeFiles/IGBT.elf.dir/Drivers/STM32F1xx_HAL_Driver/Src/stm32f1xx_hal_tim.c.obj
                0x08001924                HAL_TIM_PWM_Start
 .text.TIM_CCxNChannelCmd
                0x08001a18       0x1e CMakeFiles/IGBT.elf.dir/Drivers/STM32F1xx_HAL_Driver/Src/stm32f1xx_hal_tim_ex.c.obj
 *fill*         0x08001a36        0x2 
 .text.HAL_TIMEx_PWMN_Start
                0x08001a38       0xe8 CMakeFiles/IGBT.elf.dir/Drivers/STM32F1xx_HAL_Driver/Src/stm32f1xx_hal_tim_ex.c.obj
                0x08001a38                HAL_TIMEx_PWMN_Start
 .text.HAL_TIMEx_MasterConfigSynchronization
                0x08001b20       0x7c CMakeFiles/IGBT.elf.dir/Drivers/STM32F1xx_HAL_Driver/Src/stm32f1xx_hal_tim_ex.c.obj
                0x08001b20                HAL_TIMEx_MasterConfigSynchronization
 .text.HAL_TIMEx_ConfigBreakDeadTime
                0x08001b9c       0x52 CMakeFiles/IGBT.elf.dir/Drivers/STM32F1xx_HAL_Driver/Src/stm32f1xx_hal_tim_ex.c.obj
                0x08001b9c                HAL_TIMEx_ConfigBreakDeadTime
 .text.HAL_TIMEx_CommutCallback
                0x08001bee        0x2 CMakeFiles/IGBT.elf.dir/Drivers/STM32F1xx_HAL_Driver/Src/stm32f1xx_hal_tim_ex.c.obj
                0x08001bee                HAL_TIMEx_CommutCallback
 .text.HAL_TIMEx_BreakCallback
                0x08001bf0        0x2 CMakeFiles/IGBT.elf.dir/Drivers/STM32F1xx_HAL_Driver/Src/stm32f1xx_hal_tim_ex.c.obj
                0x08001bf0                HAL_TIMEx_BreakCallback
 *fill*         0x08001bf2        0x2 
 .text.Reset_Handler
                0x08001bf4       0x48 CMakeFiles/IGBT.elf.dir/startup/startup_stm32f103xe.s.obj
                0x08001bf4                Reset_Handler
 .text.Default_Handler
                0x08001c3c        0x2 CMakeFiles/IGBT.elf.dir/startup/startup_stm32f103xe.s.obj
                0x08001c3c                RTC_Alarm_IRQHandler
                0x08001c3c                EXTI2_IRQHandler
                0x08001c3c                TIM8_TRG_COM_IRQHandler
                0x08001c3c                TIM8_CC_IRQHandler
                0x08001c3c                TIM1_CC_IRQHandler
                0x08001c3c                TIM6_IRQHandler
                0x08001c3c                PVD_IRQHandler
                0x08001c3c                SDIO_IRQHandler
                0x08001c3c                EXTI3_IRQHandler
                0x08001c3c                EXTI0_IRQHandler
                0x08001c3c                I2C2_EV_IRQHandler
                0x08001c3c                ADC1_2_IRQHandler
                0x08001c3c                SPI1_IRQHandler
                0x08001c3c                TAMPER_IRQHandler
                0x08001c3c                DMA2_Channel2_IRQHandler
                0x08001c3c                DMA1_Channel4_IRQHandler
                0x08001c3c                USART3_IRQHandler
                0x08001c3c                RTC_IRQHandler
                0x08001c3c                DMA1_Channel7_IRQHandler
                0x08001c3c                CAN1_RX1_IRQHandler
                0x08001c3c                UART5_IRQHandler
                0x08001c3c                ADC3_IRQHandler
                0x08001c3c                TIM4_IRQHandler
                0x08001c3c                DMA2_Channel1_IRQHandler
                0x08001c3c                I2C1_EV_IRQHandler
                0x08001c3c                DMA1_Channel6_IRQHandler
                0x08001c3c                UART4_IRQHandler
                0x08001c3c                TIM3_IRQHandler
                0x08001c3c                RCC_IRQHandler
                0x08001c3c                TIM1_TRG_COM_IRQHandler
                0x08001c3c                DMA1_Channel1_IRQHandler
                0x08001c3c                Default_Handler
                0x08001c3c                EXTI15_10_IRQHandler
                0x08001c3c                TIM7_IRQHandler
                0x08001c3c                TIM5_IRQHandler
                0x08001c3c                EXTI9_5_IRQHandler
                0x08001c3c                SPI2_IRQHandler
                0x08001c3c                DMA1_Channel5_IRQHandler
                0x08001c3c                EXTI4_IRQHandler
                0x08001c3c                USB_LP_CAN1_RX0_IRQHandler
                0x08001c3c                USB_HP_CAN1_TX_IRQHandler
                0x08001c3c                DMA1_Channel3_IRQHandler
                0x08001c3c                FSMC_IRQHandler
                0x08001c3c                TIM1_UP_IRQHandler
                0x08001c3c                WWDG_IRQHandler
                0x08001c3c                TIM2_IRQHandler
                0x08001c3c                TIM1_BRK_IRQHandler
                0x08001c3c                EXTI1_IRQHandler
                0x08001c3c                DMA2_Channel4_5_IRQHandler
                0x08001c3c                USART2_IRQHandler
                0x08001c3c                I2C2_ER_IRQHandler
                0x08001c3c                DMA1_Channel2_IRQHandler
                0x08001c3c                TIM8_BRK_IRQHandler
                0x08001c3c                CAN1_SCE_IRQHandler
                0x08001c3c                FLASH_IRQHandler
                0x08001c3c                USART1_IRQHandler
                0x08001c3c                SPI3_IRQHandler
                0x08001c3c                I2C1_ER_IRQHandler
                0x08001c3c                USBWakeUp_IRQHandler
                0x08001c3c                DMA2_Channel3_IRQHandler
 *fill*         0x08001c3e        0x2 
 .text.__libc_init_array
                0x08001c40       0x48 c:/progra~2/gnuarm~1/102021~1.10/bin/../lib/gcc/arm-none-eabi/10.3.1/../../../../arm-none-eabi/lib/thumb/v7-m/nofp\libg.a(lib_a-init.o)
                0x08001c40                __libc_init_array
 .text.memset   0x08001c88       0xa4 c:/progra~2/gnuarm~1/102021~1.10/bin/../lib/gcc/arm-none-eabi/10.3.1/../../../../arm-none-eabi/lib/thumb/v7-m/nofp\libg.a(lib_a-memset.o)
                0x08001c88                memset
 .text.startup.register_fini
                0x08001d2c       0x14 c:/progra~2/gnuarm~1/102021~1.10/bin/../lib/gcc/arm-none-eabi/10.3.1/../../../../arm-none-eabi/lib/thumb/v7-m/nofp\libg.a(lib_a-__call_atexit.o)
 .text.atexit   0x08001d40        0xc c:/progra~2/gnuarm~1/102021~1.10/bin/../lib/gcc/arm-none-eabi/10.3.1/../../../../arm-none-eabi/lib/thumb/v7-m/nofp\libg.a(lib_a-atexit.o)
                0x08001d40                atexit
 .text.__libc_fini_array
                0x08001d4c       0x2c c:/progra~2/gnuarm~1/102021~1.10/bin/../lib/gcc/arm-none-eabi/10.3.1/../../../../arm-none-eabi/lib/thumb/v7-m/nofp\libg.a(lib_a-fini.o)
                0x08001d4c                __libc_fini_array
 .text.__retarget_lock_acquire_recursive
                0x08001d78        0x4 c:/progra~2/gnuarm~1/102021~1.10/bin/../lib/gcc/arm-none-eabi/10.3.1/../../../../arm-none-eabi/lib/thumb/v7-m/nofp\libg.a(lib_a-lock.o)
                0x08001d78                __retarget_lock_acquire_recursive
 .text.__retarget_lock_release_recursive
                0x08001d7c        0x4 c:/progra~2/gnuarm~1/102021~1.10/bin/../lib/gcc/arm-none-eabi/10.3.1/../../../../arm-none-eabi/lib/thumb/v7-m/nofp\libg.a(lib_a-lock.o)
                0x08001d7c                __retarget_lock_release_recursive
 .text.__register_exitproc
                0x08001d80       0x8c c:/progra~2/gnuarm~1/102021~1.10/bin/../lib/gcc/arm-none-eabi/10.3.1/../../../../arm-none-eabi/lib/thumb/v7-m/nofp\libg.a(lib_a-__atexit.o)
                0x08001d80                __register_exitproc
 *(.glue_7)
 .glue_7        0x08001e0c        0x0 linker stubs
 *(.glue_7t)
 .glue_7t       0x08001e0c        0x0 linker stubs
 *(.eh_frame)
 .eh_frame      0x08001e0c        0x0 c:/progra~2/gnuarm~1/102021~1.10/bin/../lib/gcc/arm-none-eabi/10.3.1/thumb/v7-m/nofp/crtbegin.o
 *(.init)
 .init          0x08001e0c        0x4 c:/progra~2/gnuarm~1/102021~1.10/bin/../lib/gcc/arm-none-eabi/10.3.1/thumb/v7-m/nofp/crti.o
                0x08001e0c                _init
 .init          0x08001e10        0x8 c:/progra~2/gnuarm~1/102021~1.10/bin/../lib/gcc/arm-none-eabi/10.3.1/thumb/v7-m/nofp/crtn.o
 *(.fini)
 .fini          0x08001e18        0x4 c:/progra~2/gnuarm~1/102021~1.10/bin/../lib/gcc/arm-none-eabi/10.3.1/thumb/v7-m/nofp/crti.o
                0x08001e18                _fini
 .fini          0x08001e1c        0x8 c:/progra~2/gnuarm~1/102021~1.10/bin/../lib/gcc/arm-none-eabi/10.3.1/thumb/v7-m/nofp/crtn.o
                0x08001e24                . = ALIGN (0x4)
                0x08001e24                _etext = .

.vfp11_veneer   0x08001e24        0x0
 .vfp11_veneer  0x08001e24        0x0 linker stubs

.v4_bx          0x08001e24        0x0
 .v4_bx         0x08001e24        0x0 linker stubs

.iplt           0x08001e24        0x0
 .iplt          0x08001e24        0x0 c:/progra~2/gnuarm~1/102021~1.10/bin/../lib/gcc/arm-none-eabi/10.3.1/thumb/v7-m/nofp/crtbegin.o

.rodata         0x08001e24       0x28
                0x08001e24                . = ALIGN (0x4)
 *(.rodata)
 *(.rodata*)
 .rodata.AHBPrescTable
                0x08001e24       0x10 CMakeFiles/IGBT.elf.dir/Core/Src/system_stm32f1xx.c.obj
                0x08001e24                AHBPrescTable
 .rodata.HAL_RCC_GetSysClockFreq.str1.4
                0x08001e34       0x11 CMakeFiles/IGBT.elf.dir/Drivers/STM32F1xx_HAL_Driver/Src/stm32f1xx_hal_rcc.c.obj
 *fill*         0x08001e45        0x3 
 .rodata._global_impure_ptr
                0x08001e48        0x4 c:/progra~2/gnuarm~1/102021~1.10/bin/../lib/gcc/arm-none-eabi/10.3.1/../../../../arm-none-eabi/lib/thumb/v7-m/nofp\libg.a(lib_a-impure.o)
                0x08001e48                _global_impure_ptr
                0x08001e4c                . = ALIGN (0x4)

.rel.dyn        0x08001e4c        0x0
 .rel.iplt      0x08001e4c        0x0 c:/progra~2/gnuarm~1/102021~1.10/bin/../lib/gcc/arm-none-eabi/10.3.1/thumb/v7-m/nofp/crtbegin.o

.ARM.extab
 *(.ARM.extab* .gnu.linkonce.armextab.*)

.ARM            0x08001e4c        0x0
                0x08001e4c                __exidx_start = .
 *(.ARM.exidx*)
                0x08001e4c                __exidx_end = .

.preinit_array  0x08001e4c        0x0
                0x08001e4c                PROVIDE (__preinit_array_start = .)
 *(.preinit_array*)
                0x08001e4c                PROVIDE (__preinit_array_end = .)

.init_array     0x08001e4c        0x8
                0x08001e4c                PROVIDE (__init_array_start = .)
 *(SORT_BY_NAME(.init_array.*))
 .init_array.00000
                0x08001e4c        0x4 c:/progra~2/gnuarm~1/102021~1.10/bin/../lib/gcc/arm-none-eabi/10.3.1/../../../../arm-none-eabi/lib/thumb/v7-m/nofp\libg.a(lib_a-__call_atexit.o)
 *(.init_array*)
 .init_array    0x08001e50        0x4 c:/progra~2/gnuarm~1/102021~1.10/bin/../lib/gcc/arm-none-eabi/10.3.1/thumb/v7-m/nofp/crtbegin.o
                0x08001e54                PROVIDE (__init_array_end = .)

.fini_array     0x08001e54        0x4
                0x08001e54                PROVIDE (__fini_array_start = .)
 *(SORT_BY_NAME(.fini_array.*))
 *(.fini_array*)
 .fini_array    0x08001e54        0x4 c:/progra~2/gnuarm~1/102021~1.10/bin/../lib/gcc/arm-none-eabi/10.3.1/thumb/v7-m/nofp/crtbegin.o
                0x08001e58                PROVIDE (__fini_array_end = .)
                0x08001e58                _sidata = LOADADDR (.data)

.data           0x20000000      0x5cc load address 0x08001e58
                0x20000000                . = ALIGN (0x4)
                0x20000000                _sdata = .
 *(.data)
 *(.data*)
 .data.SinTable
                0x20000000      0x190 CMakeFiles/IGBT.elf.dir/Core/Src/main.c.obj
                0x20000000                SinTable
 .data.sin2TableIndex
                0x20000190        0x2 CMakeFiles/IGBT.elf.dir/Core/Src/main.c.obj
                0x20000190                sin2TableIndex
 .data.sin3TableIndex
                0x20000192        0x2 CMakeFiles/IGBT.elf.dir/Core/Src/main.c.obj
                0x20000192                sin3TableIndex
 .data.SystemCoreClock
                0x20000194        0x4 CMakeFiles/IGBT.elf.dir/Core/Src/system_stm32f1xx.c.obj
                0x20000194                SystemCoreClock
 .data.uwTickFreq
                0x20000198        0x1 CMakeFiles/IGBT.elf.dir/Drivers/STM32F1xx_HAL_Driver/Src/stm32f1xx_hal.c.obj
                0x20000198                uwTickFreq
 *fill*         0x20000199        0x3 
 .data.uwTickPrio
                0x2000019c        0x4 CMakeFiles/IGBT.elf.dir/Drivers/STM32F1xx_HAL_Driver/Src/stm32f1xx_hal.c.obj
                0x2000019c                uwTickPrio
 .data.impure_data
                0x200001a0      0x428 c:/progra~2/gnuarm~1/102021~1.10/bin/../lib/gcc/arm-none-eabi/10.3.1/../../../../arm-none-eabi/lib/thumb/v7-m/nofp\libg.a(lib_a-impure.o)
 .data.__atexit_recursive_mutex
                0x200005c8        0x4 c:/progra~2/gnuarm~1/102021~1.10/bin/../lib/gcc/arm-none-eabi/10.3.1/../../../../arm-none-eabi/lib/thumb/v7-m/nofp\libg.a(lib_a-__call_atexit.o)
                0x200005c8                __atexit_recursive_mutex
                0x200005cc                . = ALIGN (0x4)
                0x200005cc                _edata = .

.igot.plt       0x200005cc        0x0 load address 0x08002424
 .igot.plt      0x200005cc        0x0 c:/progra~2/gnuarm~1/102021~1.10/bin/../lib/gcc/arm-none-eabi/10.3.1/thumb/v7-m/nofp/crtbegin.o
                0x200005cc                . = ALIGN (0x4)

.bss            0x200005cc       0xc4 load address 0x08002424
                0x200005cc                _sbss = .
                0x200005cc                __bss_start__ = _sbss
 *(.bss)
 .bss           0x200005cc       0x1c c:/progra~2/gnuarm~1/102021~1.10/bin/../lib/gcc/arm-none-eabi/10.3.1/thumb/v7-m/nofp/crtbegin.o
 *(.bss*)
 .bss.CCR1      0x200005e8        0x4 CMakeFiles/IGBT.elf.dir/Core/Src/main.c.obj
                0x200005e8                CCR1
 .bss.CCR2      0x200005ec        0x4 CMakeFiles/IGBT.elf.dir/Core/Src/main.c.obj
                0x200005ec                CCR2
 .bss.CCR3      0x200005f0        0x4 CMakeFiles/IGBT.elf.dir/Core/Src/main.c.obj
                0x200005f0                CCR3
 .bss.sin1TableIndex
                0x200005f4        0x2 CMakeFiles/IGBT.elf.dir/Core/Src/main.c.obj
                0x200005f4                sin1TableIndex
 *fill*         0x200005f6        0x2 
 .bss.htim1     0x200005f8       0x48 CMakeFiles/IGBT.elf.dir/Core/Src/tim.c.obj
                0x200005f8                htim1
 .bss.htim8     0x20000640       0x48 CMakeFiles/IGBT.elf.dir/Core/Src/tim.c.obj
                0x20000640                htim8
 .bss.uwTick    0x20000688        0x4 CMakeFiles/IGBT.elf.dir/Drivers/STM32F1xx_HAL_Driver/Src/stm32f1xx_hal.c.obj
                0x20000688                uwTick
 .bss.__lock___atexit_recursive_mutex
                0x2000068c        0x1 c:/progra~2/gnuarm~1/102021~1.10/bin/../lib/gcc/arm-none-eabi/10.3.1/../../../../arm-none-eabi/lib/thumb/v7-m/nofp\libg.a(lib_a-lock.o)
                0x2000068c                __lock___atexit_recursive_mutex
 *(COMMON)
                0x20000690                . = ALIGN (0x4)
 *fill*         0x2000068d        0x3 
                0x20000690                _ebss = .
                0x20000690                __bss_end__ = _ebss

._user_heap_stack
                0x20000690      0x600 load address 0x08002424
                0x20000690                . = ALIGN (0x8)
                0x20000690                PROVIDE (end = .)
                [!provide]                PROVIDE (_end = .)
                0x20000890                . = (. + _Min_Heap_Size)
 *fill*         0x20000690      0x200 
                0x20000c90                . = (. + _Min_Stack_Size)
 *fill*         0x20000890      0x400 
                0x20000c90                . = ALIGN (0x8)

/DISCARD/
 libc.a(*)
 libm.a(*)
 libgcc.a(*)

.ARM.attributes
                0x00000000       0x29
 *(.ARM.attributes)
 .ARM.attributes
                0x00000000       0x1d c:/progra~2/gnuarm~1/102021~1.10/bin/../lib/gcc/arm-none-eabi/10.3.1/thumb/v7-m/nofp/crti.o
 .ARM.attributes
                0x0000001d       0x2d c:/progra~2/gnuarm~1/102021~1.10/bin/../lib/gcc/arm-none-eabi/10.3.1/thumb/v7-m/nofp/crtbegin.o
 .ARM.attributes
                0x0000004a       0x2d CMakeFiles/IGBT.elf.dir/Core/Src/gpio.c.obj
 .ARM.attributes
                0x00000077       0x2d CMakeFiles/IGBT.elf.dir/Core/Src/main.c.obj
 .ARM.attributes
                0x000000a4       0x2d CMakeFiles/IGBT.elf.dir/Core/Src/stm32f1xx_hal_msp.c.obj
 .ARM.attributes
                0x000000d1       0x2d CMakeFiles/IGBT.elf.dir/Core/Src/stm32f1xx_it.c.obj
 .ARM.attributes
                0x000000fe       0x2d CMakeFiles/IGBT.elf.dir/Core/Src/system_stm32f1xx.c.obj
 .ARM.attributes
                0x0000012b       0x2d CMakeFiles/IGBT.elf.dir/Core/Src/tim.c.obj
 .ARM.attributes
                0x00000158       0x2d CMakeFiles/IGBT.elf.dir/Drivers/STM32F1xx_HAL_Driver/Src/stm32f1xx_hal.c.obj
 .ARM.attributes
                0x00000185       0x2d CMakeFiles/IGBT.elf.dir/Drivers/STM32F1xx_HAL_Driver/Src/stm32f1xx_hal_cortex.c.obj
 .ARM.attributes
                0x000001b2       0x2d CMakeFiles/IGBT.elf.dir/Drivers/STM32F1xx_HAL_Driver/Src/stm32f1xx_hal_gpio.c.obj
 .ARM.attributes
                0x000001df       0x2d CMakeFiles/IGBT.elf.dir/Drivers/STM32F1xx_HAL_Driver/Src/stm32f1xx_hal_rcc.c.obj
 .ARM.attributes
                0x0000020c       0x2d CMakeFiles/IGBT.elf.dir/Drivers/STM32F1xx_HAL_Driver/Src/stm32f1xx_hal_tim.c.obj
 .ARM.attributes
                0x00000239       0x2d CMakeFiles/IGBT.elf.dir/Drivers/STM32F1xx_HAL_Driver/Src/stm32f1xx_hal_tim_ex.c.obj
 .ARM.attributes
                0x00000266       0x21 CMakeFiles/IGBT.elf.dir/startup/startup_stm32f103xe.s.obj
 .ARM.attributes
                0x00000287       0x2d c:/progra~2/gnuarm~1/102021~1.10/bin/../lib/gcc/arm-none-eabi/10.3.1/../../../../arm-none-eabi/lib/thumb/v7-m/nofp\libg.a(lib_a-impure.o)
 .ARM.attributes
                0x000002b4       0x2d c:/progra~2/gnuarm~1/102021~1.10/bin/../lib/gcc/arm-none-eabi/10.3.1/../../../../arm-none-eabi/lib/thumb/v7-m/nofp\libg.a(lib_a-init.o)
 .ARM.attributes
                0x000002e1       0x2d c:/progra~2/gnuarm~1/102021~1.10/bin/../lib/gcc/arm-none-eabi/10.3.1/../../../../arm-none-eabi/lib/thumb/v7-m/nofp\libg.a(lib_a-memset.o)
 .ARM.attributes
                0x0000030e       0x2d c:/progra~2/gnuarm~1/102021~1.10/bin/../lib/gcc/arm-none-eabi/10.3.1/../../../../arm-none-eabi/lib/thumb/v7-m/nofp\libg.a(lib_a-__call_atexit.o)
 .ARM.attributes
                0x0000033b       0x2d c:/progra~2/gnuarm~1/102021~1.10/bin/../lib/gcc/arm-none-eabi/10.3.1/../../../../arm-none-eabi/lib/thumb/v7-m/nofp\libg.a(lib_a-atexit.o)
 .ARM.attributes
                0x00000368       0x2d c:/progra~2/gnuarm~1/102021~1.10/bin/../lib/gcc/arm-none-eabi/10.3.1/../../../../arm-none-eabi/lib/thumb/v7-m/nofp\libg.a(lib_a-fini.o)
 .ARM.attributes
                0x00000395       0x2d c:/progra~2/gnuarm~1/102021~1.10/bin/../lib/gcc/arm-none-eabi/10.3.1/../../../../arm-none-eabi/lib/thumb/v7-m/nofp\libg.a(lib_a-lock.o)
 .ARM.attributes
                0x000003c2       0x2d c:/progra~2/gnuarm~1/102021~1.10/bin/../lib/gcc/arm-none-eabi/10.3.1/../../../../arm-none-eabi/lib/thumb/v7-m/nofp\libg.a(lib_a-__atexit.o)
 .ARM.attributes
                0x000003ef       0x1d c:/progra~2/gnuarm~1/102021~1.10/bin/../lib/gcc/arm-none-eabi/10.3.1/thumb/v7-m/nofp/crtn.o
OUTPUT(IGBT.elf elf32-littlearm)
LOAD linker stubs
LOAD c:/progra~2/gnuarm~1/102021~1.10/bin/../lib/gcc/arm-none-eabi/10.3.1/../../../../arm-none-eabi/lib/thumb/v7-m/nofp\libc.a
LOAD c:/progra~2/gnuarm~1/102021~1.10/bin/../lib/gcc/arm-none-eabi/10.3.1/../../../../arm-none-eabi/lib/thumb/v7-m/nofp\libm.a
LOAD c:/progra~2/gnuarm~1/102021~1.10/bin/../lib/gcc/arm-none-eabi/10.3.1/thumb/v7-m/nofp\libgcc.a

.debug_info     0x00000000     0xa565
 .debug_info    0x00000000      0x1b6 CMakeFiles/IGBT.elf.dir/Core/Src/gpio.c.obj
 .debug_info    0x000001b6      0xb0f CMakeFiles/IGBT.elf.dir/Core/Src/main.c.obj
 .debug_info    0x00000cc5      0x211 CMakeFiles/IGBT.elf.dir/Core/Src/stm32f1xx_hal_msp.c.obj
 .debug_info    0x00000ed6      0x6fa CMakeFiles/IGBT.elf.dir/Core/Src/stm32f1xx_it.c.obj
 .debug_info    0x000015d0      0x248 CMakeFiles/IGBT.elf.dir/Core/Src/system_stm32f1xx.c.obj
 .debug_info    0x00001818     0x119f CMakeFiles/IGBT.elf.dir/Core/Src/tim.c.obj
 .debug_info    0x000029b7      0x80e CMakeFiles/IGBT.elf.dir/Drivers/STM32F1xx_HAL_Driver/Src/stm32f1xx_hal.c.obj
 .debug_info    0x000031c5      0xdf0 CMakeFiles/IGBT.elf.dir/Drivers/STM32F1xx_HAL_Driver/Src/stm32f1xx_hal_cortex.c.obj
 .debug_info    0x00003fb5      0x66f CMakeFiles/IGBT.elf.dir/Drivers/STM32F1xx_HAL_Driver/Src/stm32f1xx_hal_gpio.c.obj
 .debug_info    0x00004624      0xa36 CMakeFiles/IGBT.elf.dir/Drivers/STM32F1xx_HAL_Driver/Src/stm32f1xx_hal_rcc.c.obj
 .debug_info    0x0000505a     0x3b00 CMakeFiles/IGBT.elf.dir/Drivers/STM32F1xx_HAL_Driver/Src/stm32f1xx_hal_tim.c.obj
 .debug_info    0x00008b5a     0x19e9 CMakeFiles/IGBT.elf.dir/Drivers/STM32F1xx_HAL_Driver/Src/stm32f1xx_hal_tim_ex.c.obj
 .debug_info    0x0000a543       0x22 CMakeFiles/IGBT.elf.dir/startup/startup_stm32f103xe.s.obj

.debug_abbrev   0x00000000     0x16e6
 .debug_abbrev  0x00000000       0xbf CMakeFiles/IGBT.elf.dir/Core/Src/gpio.c.obj
 .debug_abbrev  0x000000bf      0x221 CMakeFiles/IGBT.elf.dir/Core/Src/main.c.obj
 .debug_abbrev  0x000002e0       0xe5 CMakeFiles/IGBT.elf.dir/Core/Src/stm32f1xx_hal_msp.c.obj
 .debug_abbrev  0x000003c5      0x179 CMakeFiles/IGBT.elf.dir/Core/Src/stm32f1xx_it.c.obj
 .debug_abbrev  0x0000053e      0x13e CMakeFiles/IGBT.elf.dir/Core/Src/system_stm32f1xx.c.obj
 .debug_abbrev  0x0000067c      0x244 CMakeFiles/IGBT.elf.dir/Core/Src/tim.c.obj
 .debug_abbrev  0x000008c0      0x1f4 CMakeFiles/IGBT.elf.dir/Drivers/STM32F1xx_HAL_Driver/Src/stm32f1xx_hal.c.obj
 .debug_abbrev  0x00000ab4      0x341 CMakeFiles/IGBT.elf.dir/Drivers/STM32F1xx_HAL_Driver/Src/stm32f1xx_hal_cortex.c.obj
 .debug_abbrev  0x00000df5      0x1e6 CMakeFiles/IGBT.elf.dir/Drivers/STM32F1xx_HAL_Driver/Src/stm32f1xx_hal_gpio.c.obj
 .debug_abbrev  0x00000fdb      0x27a CMakeFiles/IGBT.elf.dir/Drivers/STM32F1xx_HAL_Driver/Src/stm32f1xx_hal_rcc.c.obj
 .debug_abbrev  0x00001255      0x23e CMakeFiles/IGBT.elf.dir/Drivers/STM32F1xx_HAL_Driver/Src/stm32f1xx_hal_tim.c.obj
 .debug_abbrev  0x00001493      0x241 CMakeFiles/IGBT.elf.dir/Drivers/STM32F1xx_HAL_Driver/Src/stm32f1xx_hal_tim_ex.c.obj
 .debug_abbrev  0x000016d4       0x12 CMakeFiles/IGBT.elf.dir/startup/startup_stm32f103xe.s.obj

.debug_aranges  0x00000000      0x900
 .debug_aranges
                0x00000000       0x20 CMakeFiles/IGBT.elf.dir/Core/Src/gpio.c.obj
 .debug_aranges
                0x00000020       0x38 CMakeFiles/IGBT.elf.dir/Core/Src/main.c.obj
 .debug_aranges
                0x00000058       0x20 CMakeFiles/IGBT.elf.dir/Core/Src/stm32f1xx_hal_msp.c.obj
 .debug_aranges
                0x00000078       0x68 CMakeFiles/IGBT.elf.dir/Core/Src/stm32f1xx_it.c.obj
 .debug_aranges
                0x000000e0       0x28 CMakeFiles/IGBT.elf.dir/Core/Src/system_stm32f1xx.c.obj
 .debug_aranges
                0x00000108       0x40 CMakeFiles/IGBT.elf.dir/Core/Src/tim.c.obj
 .debug_aranges
                0x00000148       0xe0 CMakeFiles/IGBT.elf.dir/Drivers/STM32F1xx_HAL_Driver/Src/stm32f1xx_hal.c.obj
 .debug_aranges
                0x00000228       0x90 CMakeFiles/IGBT.elf.dir/Drivers/STM32F1xx_HAL_Driver/Src/stm32f1xx_hal_cortex.c.obj
 .debug_aranges
                0x000002b8       0x58 CMakeFiles/IGBT.elf.dir/Drivers/STM32F1xx_HAL_Driver/Src/stm32f1xx_hal_gpio.c.obj
 .debug_aranges
                0x00000310       0x90 CMakeFiles/IGBT.elf.dir/Drivers/STM32F1xx_HAL_Driver/Src/stm32f1xx_hal_rcc.c.obj
 .debug_aranges
                0x000003a0      0x3d0 CMakeFiles/IGBT.elf.dir/Drivers/STM32F1xx_HAL_Driver/Src/stm32f1xx_hal_tim.c.obj
 .debug_aranges
                0x00000770      0x168 CMakeFiles/IGBT.elf.dir/Drivers/STM32F1xx_HAL_Driver/Src/stm32f1xx_hal_tim_ex.c.obj
 .debug_aranges
                0x000008d8       0x28 CMakeFiles/IGBT.elf.dir/startup/startup_stm32f103xe.s.obj

.debug_ranges   0x00000000      0x8b8
 .debug_ranges  0x00000000       0x10 CMakeFiles/IGBT.elf.dir/Core/Src/gpio.c.obj
 .debug_ranges  0x00000010       0x28 CMakeFiles/IGBT.elf.dir/Core/Src/main.c.obj
 .debug_ranges  0x00000038       0x10 CMakeFiles/IGBT.elf.dir/Core/Src/stm32f1xx_hal_msp.c.obj
 .debug_ranges  0x00000048       0x58 CMakeFiles/IGBT.elf.dir/Core/Src/stm32f1xx_it.c.obj
 .debug_ranges  0x000000a0       0x18 CMakeFiles/IGBT.elf.dir/Core/Src/system_stm32f1xx.c.obj
 .debug_ranges  0x000000b8       0x30 CMakeFiles/IGBT.elf.dir/Core/Src/tim.c.obj
 .debug_ranges  0x000000e8       0xd0 CMakeFiles/IGBT.elf.dir/Drivers/STM32F1xx_HAL_Driver/Src/stm32f1xx_hal.c.obj
 .debug_ranges  0x000001b8       0xe0 CMakeFiles/IGBT.elf.dir/Drivers/STM32F1xx_HAL_Driver/Src/stm32f1xx_hal_cortex.c.obj
 .debug_ranges  0x00000298       0x48 CMakeFiles/IGBT.elf.dir/Drivers/STM32F1xx_HAL_Driver/Src/stm32f1xx_hal_gpio.c.obj
 .debug_ranges  0x000002e0       0xa0 CMakeFiles/IGBT.elf.dir/Drivers/STM32F1xx_HAL_Driver/Src/stm32f1xx_hal_rcc.c.obj
 .debug_ranges  0x00000380      0x3c0 CMakeFiles/IGBT.elf.dir/Drivers/STM32F1xx_HAL_Driver/Src/stm32f1xx_hal_tim.c.obj
 .debug_ranges  0x00000740      0x158 CMakeFiles/IGBT.elf.dir/Drivers/STM32F1xx_HAL_Driver/Src/stm32f1xx_hal_tim_ex.c.obj
 .debug_ranges  0x00000898       0x20 CMakeFiles/IGBT.elf.dir/startup/startup_stm32f103xe.s.obj

.debug_line     0x00000000     0x9801
 .debug_line    0x00000000      0x197 CMakeFiles/IGBT.elf.dir/Core/Src/gpio.c.obj
 .debug_line    0x00000197      0x508 CMakeFiles/IGBT.elf.dir/Core/Src/main.c.obj
 .debug_line    0x0000069f      0x19f CMakeFiles/IGBT.elf.dir/Core/Src/stm32f1xx_hal_msp.c.obj
 .debug_line    0x0000083e      0x33e CMakeFiles/IGBT.elf.dir/Core/Src/stm32f1xx_it.c.obj
 .debug_line    0x00000b7c      0x268 CMakeFiles/IGBT.elf.dir/Core/Src/system_stm32f1xx.c.obj
 .debug_line    0x00000de4      0x6bf CMakeFiles/IGBT.elf.dir/Core/Src/tim.c.obj
 .debug_line    0x000014a3      0x5b2 CMakeFiles/IGBT.elf.dir/Drivers/STM32F1xx_HAL_Driver/Src/stm32f1xx_hal.c.obj
 .debug_line    0x00001a55      0x68c CMakeFiles/IGBT.elf.dir/Drivers/STM32F1xx_HAL_Driver/Src/stm32f1xx_hal_cortex.c.obj
 .debug_line    0x000020e1      0x64a CMakeFiles/IGBT.elf.dir/Drivers/STM32F1xx_HAL_Driver/Src/stm32f1xx_hal_gpio.c.obj
 .debug_line    0x0000272b      0xc7f CMakeFiles/IGBT.elf.dir/Drivers/STM32F1xx_HAL_Driver/Src/stm32f1xx_hal_rcc.c.obj
 .debug_line    0x000033aa     0x4790 CMakeFiles/IGBT.elf.dir/Drivers/STM32F1xx_HAL_Driver/Src/stm32f1xx_hal_tim.c.obj
 .debug_line    0x00007b3a     0x1c19 CMakeFiles/IGBT.elf.dir/Drivers/STM32F1xx_HAL_Driver/Src/stm32f1xx_hal_tim_ex.c.obj
 .debug_line    0x00009753       0xae CMakeFiles/IGBT.elf.dir/startup/startup_stm32f103xe.s.obj

.debug_str      0x00000000     0x2fc4
 .debug_str     0x00000000      0x202 CMakeFiles/IGBT.elf.dir/Core/Src/gpio.c.obj
                                0x23f (size before relaxing)
 .debug_str     0x00000202      0x70a CMakeFiles/IGBT.elf.dir/Core/Src/main.c.obj
                                0x940 (size before relaxing)
 .debug_str     0x0000090c       0x88 CMakeFiles/IGBT.elf.dir/Core/Src/stm32f1xx_hal_msp.c.obj
                                0x279 (size before relaxing)
 .debug_str     0x00000994      0x10b CMakeFiles/IGBT.elf.dir/Core/Src/stm32f1xx_it.c.obj
                                0x770 (size before relaxing)
 .debug_str     0x00000a9f       0xb6 CMakeFiles/IGBT.elf.dir/Core/Src/system_stm32f1xx.c.obj
                                0x2ae (size before relaxing)
 .debug_str     0x00000b55      0x710 CMakeFiles/IGBT.elf.dir/Core/Src/tim.c.obj
                                0xe7e (size before relaxing)
 .debug_str     0x00001265      0x33c CMakeFiles/IGBT.elf.dir/Drivers/STM32F1xx_HAL_Driver/Src/stm32f1xx_hal.c.obj
                                0x962 (size before relaxing)
 .debug_str     0x000015a1      0x3c2 CMakeFiles/IGBT.elf.dir/Drivers/STM32F1xx_HAL_Driver/Src/stm32f1xx_hal_cortex.c.obj
                                0xa11 (size before relaxing)
 .debug_str     0x00001963      0x186 CMakeFiles/IGBT.elf.dir/Drivers/STM32F1xx_HAL_Driver/Src/stm32f1xx_hal_gpio.c.obj
                                0x45a (size before relaxing)
 .debug_str     0x00001ae9      0x222 CMakeFiles/IGBT.elf.dir/Drivers/STM32F1xx_HAL_Driver/Src/stm32f1xx_hal_rcc.c.obj
                                0x685 (size before relaxing)
 .debug_str     0x00001d0b      0xdd1 CMakeFiles/IGBT.elf.dir/Drivers/STM32F1xx_HAL_Driver/Src/stm32f1xx_hal_tim.c.obj
                               0x1692 (size before relaxing)
 .debug_str     0x00002adc      0x48b CMakeFiles/IGBT.elf.dir/Drivers/STM32F1xx_HAL_Driver/Src/stm32f1xx_hal_tim_ex.c.obj
                                0xe93 (size before relaxing)
 .debug_str     0x00002f67       0x5d CMakeFiles/IGBT.elf.dir/startup/startup_stm32f103xe.s.obj
                                 0xa0 (size before relaxing)

.comment        0x00000000       0x49
 .comment       0x00000000       0x49 CMakeFiles/IGBT.elf.dir/Core/Src/gpio.c.obj
                                 0x4a (size before relaxing)
 .comment       0x00000049       0x4a CMakeFiles/IGBT.elf.dir/Core/Src/main.c.obj
 .comment       0x00000049       0x4a CMakeFiles/IGBT.elf.dir/Core/Src/stm32f1xx_hal_msp.c.obj
 .comment       0x00000049       0x4a CMakeFiles/IGBT.elf.dir/Core/Src/stm32f1xx_it.c.obj
 .comment       0x00000049       0x4a CMakeFiles/IGBT.elf.dir/Core/Src/system_stm32f1xx.c.obj
 .comment       0x00000049       0x4a CMakeFiles/IGBT.elf.dir/Core/Src/tim.c.obj
 .comment       0x00000049       0x4a CMakeFiles/IGBT.elf.dir/Drivers/STM32F1xx_HAL_Driver/Src/stm32f1xx_hal.c.obj
 .comment       0x00000049       0x4a CMakeFiles/IGBT.elf.dir/Drivers/STM32F1xx_HAL_Driver/Src/stm32f1xx_hal_cortex.c.obj
 .comment       0x00000049       0x4a CMakeFiles/IGBT.elf.dir/Drivers/STM32F1xx_HAL_Driver/Src/stm32f1xx_hal_gpio.c.obj
 .comment       0x00000049       0x4a CMakeFiles/IGBT.elf.dir/Drivers/STM32F1xx_HAL_Driver/Src/stm32f1xx_hal_rcc.c.obj
 .comment       0x00000049       0x4a CMakeFiles/IGBT.elf.dir/Drivers/STM32F1xx_HAL_Driver/Src/stm32f1xx_hal_tim.c.obj
 .comment       0x00000049       0x4a CMakeFiles/IGBT.elf.dir/Drivers/STM32F1xx_HAL_Driver/Src/stm32f1xx_hal_tim_ex.c.obj

.debug_frame    0x00000000     0x18c0
 .debug_frame   0x00000000       0x28 CMakeFiles/IGBT.elf.dir/Core/Src/gpio.c.obj
 .debug_frame   0x00000028       0x78 CMakeFiles/IGBT.elf.dir/Core/Src/main.c.obj
 .debug_frame   0x000000a0       0x28 CMakeFiles/IGBT.elf.dir/Core/Src/stm32f1xx_hal_msp.c.obj
 .debug_frame   0x000000c8       0xc0 CMakeFiles/IGBT.elf.dir/Core/Src/stm32f1xx_it.c.obj
 .debug_frame   0x00000188       0x30 CMakeFiles/IGBT.elf.dir/Core/Src/system_stm32f1xx.c.obj
 .debug_frame   0x000001b8       0xb4 CMakeFiles/IGBT.elf.dir/Core/Src/tim.c.obj
 .debug_frame   0x0000026c      0x1cc CMakeFiles/IGBT.elf.dir/Drivers/STM32F1xx_HAL_Driver/Src/stm32f1xx_hal.c.obj
 .debug_frame   0x00000438      0x118 CMakeFiles/IGBT.elf.dir/Drivers/STM32F1xx_HAL_Driver/Src/stm32f1xx_hal_cortex.c.obj
 .debug_frame   0x00000550       0xe4 CMakeFiles/IGBT.elf.dir/Drivers/STM32F1xx_HAL_Driver/Src/stm32f1xx_hal_gpio.c.obj
 .debug_frame   0x00000634      0x190 CMakeFiles/IGBT.elf.dir/Drivers/STM32F1xx_HAL_Driver/Src/stm32f1xx_hal_rcc.c.obj
 .debug_frame   0x000007c4      0xb04 CMakeFiles/IGBT.elf.dir/Drivers/STM32F1xx_HAL_Driver/Src/stm32f1xx_hal_tim.c.obj
 .debug_frame   0x000012c8      0x40c CMakeFiles/IGBT.elf.dir/Drivers/STM32F1xx_HAL_Driver/Src/stm32f1xx_hal_tim_ex.c.obj
 .debug_frame   0x000016d4       0x2c c:/progra~2/gnuarm~1/102021~1.10/bin/../lib/gcc/arm-none-eabi/10.3.1/../../../../arm-none-eabi/lib/thumb/v7-m/nofp\libg.a(lib_a-init.o)
 .debug_frame   0x00001700       0x2c c:/progra~2/gnuarm~1/102021~1.10/bin/../lib/gcc/arm-none-eabi/10.3.1/../../../../arm-none-eabi/lib/thumb/v7-m/nofp\libg.a(lib_a-memset.o)
 .debug_frame   0x0000172c       0x5c c:/progra~2/gnuarm~1/102021~1.10/bin/../lib/gcc/arm-none-eabi/10.3.1/../../../../arm-none-eabi/lib/thumb/v7-m/nofp\libg.a(lib_a-__call_atexit.o)
 .debug_frame   0x00001788       0x20 c:/progra~2/gnuarm~1/102021~1.10/bin/../lib/gcc/arm-none-eabi/10.3.1/../../../../arm-none-eabi/lib/thumb/v7-m/nofp\libg.a(lib_a-atexit.o)
 .debug_frame   0x000017a8       0x34 c:/progra~2/gnuarm~1/102021~1.10/bin/../lib/gcc/arm-none-eabi/10.3.1/../../../../arm-none-eabi/lib/thumb/v7-m/nofp\libg.a(lib_a-fini.o)
 .debug_frame   0x000017dc       0xb0 c:/progra~2/gnuarm~1/102021~1.10/bin/../lib/gcc/arm-none-eabi/10.3.1/../../../../arm-none-eabi/lib/thumb/v7-m/nofp\libg.a(lib_a-lock.o)
 .debug_frame   0x0000188c       0x34 c:/progra~2/gnuarm~1/102021~1.10/bin/../lib/gcc/arm-none-eabi/10.3.1/../../../../arm-none-eabi/lib/thumb/v7-m/nofp\libg.a(lib_a-__atexit.o)

.debug_loc      0x00000000     0x77bc
 .debug_loc     0x00000000       0x15 CMakeFiles/IGBT.elf.dir/Core/Src/stm32f1xx_hal_msp.c.obj
 .debug_loc     0x00000015       0xff CMakeFiles/IGBT.elf.dir/Core/Src/system_stm32f1xx.c.obj
 .debug_loc     0x00000114      0x12f CMakeFiles/IGBT.elf.dir/Core/Src/tim.c.obj
 .debug_loc     0x00000243      0x141 CMakeFiles/IGBT.elf.dir/Drivers/STM32F1xx_HAL_Driver/Src/stm32f1xx_hal.c.obj
 .debug_loc     0x00000384      0x71f CMakeFiles/IGBT.elf.dir/Drivers/STM32F1xx_HAL_Driver/Src/stm32f1xx_hal_cortex.c.obj
 .debug_loc     0x00000aa3      0x47d CMakeFiles/IGBT.elf.dir/Drivers/STM32F1xx_HAL_Driver/Src/stm32f1xx_hal_gpio.c.obj
 .debug_loc     0x00000f20      0x63e CMakeFiles/IGBT.elf.dir/Drivers/STM32F1xx_HAL_Driver/Src/stm32f1xx_hal_rcc.c.obj
 .debug_loc     0x0000155e     0x474c CMakeFiles/IGBT.elf.dir/Drivers/STM32F1xx_HAL_Driver/Src/stm32f1xx_hal_tim.c.obj
 .debug_loc     0x00005caa     0x1b12 CMakeFiles/IGBT.elf.dir/Drivers/STM32F1xx_HAL_Driver/Src/stm32f1xx_hal_tim_ex.c.obj
